../Core/Src/main.c:97:6:posControlPID	16	static
../Core/Src/main.c:118:6:calculatePIDSpeed	16	static
../Core/Src/main.c:131:6:HAL_GPIO_EXTI_Callback	16	static
../Core/Src/main.c:138:6:ControlMotor	16	static
../Core/Src/main.c:143:6:driveSpeed	16	static
../Core/Src/main.c:165:5:main	72	static
../Core/Src/main.c:249:6:SystemClock_Config	72	static
../Core/Src/main.c:289:13:MX_TIM2_Init	64	static
../Core/Src/main.c:352:13:MX_TIM3_Init	32	static
../Core/Src/main.c:397:13:MX_USART1_UART_Init	8	static
../Core/Src/main.c:430:13:MX_GPIO_Init	40	static
../Core/Src/main.c:468:6:Task2_init	16	static
../Core/Src/main.c:492:6:Task1_init	16	static
../Core/Src/main.c:512:6:HAL_TIM_PeriodElapsedCallback	24	static
../Core/Src/main.c:535:6:Error_Handler	4	static,ignoring_inline_asm
